0.0036791 0.00888377 0.0554407
